{
    "fasta.gz - stub": {
        "content": [
            {
                "0": [
                    [
                        {
                            "id": "test"
                        },
                        "test.tsv:md5,d41d8cd98f00b204e9800998ecf8427e"
                    ]
                ],
                "1": [
                    "versions.yml:md5,e5810dac4e10040b1a74b8672a829734"
                ],
                "stats": [
                    [
                        {
                            "id": "test"
                        },
                        "test.tsv:md5,d41d8cd98f00b204e9800998ecf8427e"
                    ]
                ],
                "versions": [
                    "versions.yml:md5,e5810dac4e10040b1a74b8672a829734"
                ]
            }
        ],
        "meta": {
            "nf-test": "0.8.4",
            "nextflow": "24.04.1"
        },
        "timestamp": "2024-05-31T13:51:08.205431996"
    },
    "fasta.gz": {
        "content": [
            {
                "0": [
                    [
                        {
                            "id": "test"
                        },
                        "test.tsv:md5,fbf6080998e35536ca67fd83f728a086"
                    ]
                ],
                "1": [
                    "versions.yml:md5,e5810dac4e10040b1a74b8672a829734"
                ],
                "stats": [
                    [
                        {
                            "id": "test"
                        },
                        "test.tsv:md5,fbf6080998e35536ca67fd83f728a086"
                    ]
                ],
                "versions": [
                    "versions.yml:md5,e5810dac4e10040b1a74b8672a829734"
                ]
            }
        ],
        "meta": {
            "nf-test": "0.8.4",
            "nextflow": "24.04.1"
        },
        "timestamp": "2024-05-31T13:50:59.69454264"
    }
}