{
    "empty fasta + empty faa": {
        "content": [
            {
                "0": [
                    [
                        {
                            "id": "test"
                        },
                        "test_nuc_stats.tsv:md5,50873df32ed2f6c0e283a2d0b0302388"
                    ]
                ],
                "1": [
                    "versions.yml:md5,7872a31dc4800bdaa18bc3a0d7ec7bad"
                ],
                "nuc_stats": [
                    [
                        {
                            "id": "test"
                        },
                        "test_nuc_stats.tsv:md5,50873df32ed2f6c0e283a2d0b0302388"
                    ]
                ],
                "versions": [
                    "versions.yml:md5,7872a31dc4800bdaa18bc3a0d7ec7bad"
                ]
            }
        ],
        "meta": {
            "nf-test": "0.8.4",
            "nextflow": "24.04.1"
        },
        "timestamp": "2024-06-13T11:02:57.712086999"
    },
    "fasta.gz + faa.gz": {
        "content": [
            {
                "0": [
                    [
                        {
                            "id": "test"
                        },
                        "test_nuc_stats.tsv:md5,67d351e15dff3b509432519f5b85eea3"
                    ]
                ],
                "1": [
                    "versions.yml:md5,7872a31dc4800bdaa18bc3a0d7ec7bad"
                ],
                "nuc_stats": [
                    [
                        {
                            "id": "test"
                        },
                        "test_nuc_stats.tsv:md5,67d351e15dff3b509432519f5b85eea3"
                    ]
                ],
                "versions": [
                    "versions.yml:md5,7872a31dc4800bdaa18bc3a0d7ec7bad"
                ]
            }
        ],
        "meta": {
            "nf-test": "0.8.4",
            "nextflow": "24.04.1"
        },
        "timestamp": "2024-06-13T10:35:27.545655791"
    },
    "fasta.gz + faa.gz - stub": {
        "content": [
            {
                "0": [
                    [
                        {
                            "id": "test"
                        },
                        "test_nuc_stats.tsv:md5,d41d8cd98f00b204e9800998ecf8427e"
                    ]
                ],
                "1": [
                    "versions.yml:md5,7872a31dc4800bdaa18bc3a0d7ec7bad"
                ],
                "nuc_stats": [
                    [
                        {
                            "id": "test"
                        },
                        "test_nuc_stats.tsv:md5,d41d8cd98f00b204e9800998ecf8427e"
                    ]
                ],
                "versions": [
                    "versions.yml:md5,7872a31dc4800bdaa18bc3a0d7ec7bad"
                ]
            }
        ],
        "meta": {
            "nf-test": "0.8.4",
            "nextflow": "24.04.1"
        },
        "timestamp": "2024-06-13T10:35:34.267024878"
    }
}